// Jest Snapshot v1, https://goo.gl/fbAQLP

exports[`EE Approvals LicenseCompliance ApprovalActions renders correctly 1`] = `
<span
  class="gl-display-inline-flex gl-align-items-center"
>
  <gl-button-stub
    category="tertiary"
    icon=""
    size="medium"
    variant="default"
  >
    License Approval
  
  </gl-button-stub>
   
  <span
    class="gl-ml-3"
  >
    <span>
      <gl-icon-stub
        class="gl-text-blue-600"
        name="information"
        size="12"
      />
       
      <gl-sprintf-stub
        class="gl-inline-flex"
        message="%{licenseCheckDocsLink} is inactive"
      />
    </span>
  </span>
</span>
`;
