// Jest Snapshot v1, https://goo.gl/fbAQLP

exports[`CodeHotspotsChartLegend Component matches the snapshot 1`] = `
<div>
  <div
    class="d-flex mt-6"
  >
    <span
      style="background-color: rgba(26, 170, 85, 0.2); height: 32px; width: 32px;"
    />
    <span
      style="background-color: rgba(26, 170, 85, 0.4); height: 32px; width: 32px;"
    />
    <span
      style="background-color: rgba(26, 170, 85, 0.6); height: 32px; width: 32px;"
    />
    <span
      style="background-color: rgba(26, 170, 85, 0.8); height: 32px; width: 32px;"
    />
    <span
      style="background-color: rgba(252, 148, 3, 0.8); height: 32px; width: 32px;"
    />
    <span
      style="background-color: rgba(219, 59, 33, 0.8); height: 32px; width: 32px;"
    />
  </div>
   
  <div
    class="d-flex mt-1"
  >
    Number of commits (Darker means more)
  </div>
</div>
`;
