// Jest Snapshot v1, https://goo.gl/fbAQLP

exports[`MetricChart component matches the snapshot 1`] = `
<div>
  <h5>
    My Chart
  </h5>
   
  <!---->
   
  <div
    class="js-metric-chart"
  >
    <!---->
  </div>
   
  <div
    class="mt-2 mb-8 text-secondary"
  >
    
      There is no data for the selected metric available available.
    
  </div>
</div>
`;
