// Jest Snapshot v1, https://goo.gl/fbAQLP

exports[`Repository last commit component renders commit widget 1`] = `
<div
  class="info-well d-none d-sm-flex project-last-commit commit p-3"
>
  <glloadingicon-stub
    class="m-auto"
    color="orange"
    label="Loading"
    size="md"
  />
</div>
`;

exports[`Repository last commit component renders the signature HTML as returned by the backend 1`] = `
<div
  class="info-well d-none d-sm-flex project-last-commit commit p-3"
>
  <glloadingicon-stub
    class="m-auto"
    color="orange"
    label="Loading"
    size="md"
  />
</div>
`;
