// Jest Snapshot v1, https://goo.gl/fbAQLP

exports[`IDE pipelines list when loaded renders empty state when no latestPipeline 1`] = `
<div
  class="ide-pipeline"
>
  <!---->
   
  <emptystate-stub
    cansetci="true"
    emptystatesvgpath="https://some.host"
    helppagepath="https://some.host"
  />
</div>
`;
