// Jest Snapshot v1, https://goo.gl/fbAQLP

exports[`On-demand Scans Settings builds settings object properly 1`] = `
Object {
  "scannerProfiles": Object {
    "fetchError": "ERROR_FETCH_SCANNER_PROFILES",
    "fetchQuery": Object {
      "DastScannerProfiles": Object {
        "definitions": Array [
          Object {
            "directives": Array [],
            "kind": "OperationDefinition",
            "name": Object {
              "kind": "Name",
              "value": "DastScannerProfiles",
            },
            "operation": "query",
            "selectionSet": Object {
              "kind": "SelectionSet",
              "selections": Array [
                Object {
                  "arguments": Array [
                    Object {
                      "kind": "Argument",
                      "name": Object {
                        "kind": "Name",
                        "value": "fullPath",
                      },
                      "value": Object {
                        "kind": "Variable",
                        "name": Object {
                          "kind": "Name",
                          "value": "fullPath",
                        },
                      },
                    },
                  ],
                  "directives": Array [],
                  "kind": "Field",
                  "name": Object {
                    "kind": "Name",
                    "value": "project",
                  },
                  "selectionSet": Object {
                    "kind": "SelectionSet",
                    "selections": Array [
                      Object {
                        "alias": Object {
                          "kind": "Name",
                          "value": "scannerProfiles",
                        },
                        "arguments": Array [
                          Object {
                            "kind": "Argument",
                            "name": Object {
                              "kind": "Name",
                              "value": "after",
                            },
                            "value": Object {
                              "kind": "Variable",
                              "name": Object {
                                "kind": "Name",
                                "value": "after",
                              },
                            },
                          },
                          Object {
                            "kind": "Argument",
                            "name": Object {
                              "kind": "Name",
                              "value": "before",
                            },
                            "value": Object {
                              "kind": "Variable",
                              "name": Object {
                                "kind": "Name",
                                "value": "before",
                              },
                            },
                          },
                          Object {
                            "kind": "Argument",
                            "name": Object {
                              "kind": "Name",
                              "value": "first",
                            },
                            "value": Object {
                              "kind": "Variable",
                              "name": Object {
                                "kind": "Name",
                                "value": "first",
                              },
                            },
                          },
                          Object {
                            "kind": "Argument",
                            "name": Object {
                              "kind": "Name",
                              "value": "last",
                            },
                            "value": Object {
                              "kind": "Variable",
                              "name": Object {
                                "kind": "Name",
                                "value": "last",
                              },
                            },
                          },
                        ],
                        "directives": Array [],
                        "kind": "Field",
                        "name": Object {
                          "kind": "Name",
                          "value": "dastScannerProfiles",
                        },
                        "selectionSet": Object {
                          "kind": "SelectionSet",
                          "selections": Array [
                            Object {
                              "arguments": Array [],
                              "directives": Array [],
                              "kind": "Field",
                              "name": Object {
                                "kind": "Name",
                                "value": "pageInfo",
                              },
                              "selectionSet": Object {
                                "kind": "SelectionSet",
                                "selections": Array [
                                  Object {
                                    "directives": Array [],
                                    "kind": "FragmentSpread",
                                    "name": Object {
                                      "kind": "Name",
                                      "value": "PageInfo",
                                    },
                                  },
                                ],
                              },
                            },
                            Object {
                              "arguments": Array [],
                              "directives": Array [],
                              "kind": "Field",
                              "name": Object {
                                "kind": "Name",
                                "value": "edges",
                              },
                              "selectionSet": Object {
                                "kind": "SelectionSet",
                                "selections": Array [
                                  Object {
                                    "arguments": Array [],
                                    "directives": Array [],
                                    "kind": "Field",
                                    "name": Object {
                                      "kind": "Name",
                                      "value": "cursor",
                                    },
                                  },
                                  Object {
                                    "arguments": Array [],
                                    "directives": Array [],
                                    "kind": "Field",
                                    "name": Object {
                                      "kind": "Name",
                                      "value": "node",
                                    },
                                    "selectionSet": Object {
                                      "kind": "SelectionSet",
                                      "selections": Array [
                                        Object {
                                          "alias": Object {
                                            "kind": "Name",
                                            "value": "id",
                                          },
                                          "arguments": Array [],
                                          "directives": Array [],
                                          "kind": "Field",
                                          "name": Object {
                                            "kind": "Name",
                                            "value": "globalId",
                                          },
                                        },
                                        Object {
                                          "arguments": Array [],
                                          "directives": Array [],
                                          "kind": "Field",
                                          "name": Object {
                                            "kind": "Name",
                                            "value": "profileName",
                                          },
                                        },
                                        Object {
                                          "arguments": Array [],
                                          "directives": Array [],
                                          "kind": "Field",
                                          "name": Object {
                                            "kind": "Name",
                                            "value": "spiderTimeout",
                                          },
                                        },
                                        Object {
                                          "arguments": Array [],
                                          "directives": Array [],
                                          "kind": "Field",
                                          "name": Object {
                                            "kind": "Name",
                                            "value": "targetTimeout",
                                          },
                                        },
                                        Object {
                                          "arguments": Array [],
                                          "directives": Array [],
                                          "kind": "Field",
                                          "name": Object {
                                            "kind": "Name",
                                            "value": "editPath",
                                          },
                                        },
                                      ],
                                    },
                                  },
                                ],
                              },
                            },
                          ],
                        },
                      },
                    ],
                  },
                },
              ],
            },
            "variableDefinitions": Array [
              Object {
                "directives": Array [],
                "kind": "VariableDefinition",
                "type": Object {
                  "kind": "NonNullType",
                  "type": Object {
                    "kind": "NamedType",
                    "name": Object {
                      "kind": "Name",
                      "value": "ID",
                    },
                  },
                },
                "variable": Object {
                  "kind": "Variable",
                  "name": Object {
                    "kind": "Name",
                    "value": "fullPath",
                  },
                },
              },
              Object {
                "directives": Array [],
                "kind": "VariableDefinition",
                "type": Object {
                  "kind": "NamedType",
                  "name": Object {
                    "kind": "Name",
                    "value": "String",
                  },
                },
                "variable": Object {
                  "kind": "Variable",
                  "name": Object {
                    "kind": "Name",
                    "value": "after",
                  },
                },
              },
              Object {
                "directives": Array [],
                "kind": "VariableDefinition",
                "type": Object {
                  "kind": "NamedType",
                  "name": Object {
                    "kind": "Name",
                    "value": "String",
                  },
                },
                "variable": Object {
                  "kind": "Variable",
                  "name": Object {
                    "kind": "Name",
                    "value": "before",
                  },
                },
              },
              Object {
                "directives": Array [],
                "kind": "VariableDefinition",
                "type": Object {
                  "kind": "NamedType",
                  "name": Object {
                    "kind": "Name",
                    "value": "Int",
                  },
                },
                "variable": Object {
                  "kind": "Variable",
                  "name": Object {
                    "kind": "Name",
                    "value": "first",
                  },
                },
              },
              Object {
                "directives": Array [],
                "kind": "VariableDefinition",
                "type": Object {
                  "kind": "NamedType",
                  "name": Object {
                    "kind": "Name",
                    "value": "Int",
                  },
                },
                "variable": Object {
                  "kind": "Variable",
                  "name": Object {
                    "kind": "Name",
                    "value": "last",
                  },
                },
              },
            ],
          },
          Object {
            "directives": Array [],
            "kind": "FragmentDefinition",
            "name": Object {
              "kind": "Name",
              "value": "PageInfo",
            },
            "selectionSet": Object {
              "kind": "SelectionSet",
              "selections": Array [
                Object {
                  "arguments": Array [],
                  "directives": Array [],
                  "kind": "Field",
                  "name": Object {
                    "kind": "Name",
                    "value": "hasNextPage",
                  },
                },
                Object {
                  "arguments": Array [],
                  "directives": Array [],
                  "kind": "Field",
                  "name": Object {
                    "kind": "Name",
                    "value": "hasPreviousPage",
                  },
                },
                Object {
                  "arguments": Array [],
                  "directives": Array [],
                  "kind": "Field",
                  "name": Object {
                    "kind": "Name",
                    "value": "startCursor",
                  },
                },
                Object {
                  "arguments": Array [],
                  "directives": Array [],
                  "kind": "Field",
                  "name": Object {
                    "kind": "Name",
                    "value": "endCursor",
                  },
                },
              ],
            },
            "typeCondition": Object {
              "kind": "NamedType",
              "name": Object {
                "kind": "Name",
                "value": "PageInfo",
              },
            },
          },
        ],
        "kind": "Document",
        "loc": Object {
          "end": 568,
          "source": Object {
            "body": "#import \\"~/graphql_shared/fragments/pageInfo.fragment.graphql\\"

query DastScannerProfiles(
  $fullPath: ID!
  $after: String
  $before: String
  $first: Int
  $last: Int
) {
  project(fullPath: $fullPath) {
    scannerProfiles: dastScannerProfiles(
      after: $after
      before: $before
      first: $first
      last: $last
    ) {
      pageInfo {
        ...PageInfo
      }
      edges {
        cursor
        node {
          id: globalId
          profileName
          spiderTimeout
          targetTimeout
          editPath
        }
      }
    }
  }
}
",
            "locationOffset": Object {
              "column": 1,
              "line": 1,
            },
            "name": "GraphQL request",
          },
          "start": 0,
        },
      },
      "definitions": Array [
        Object {
          "directives": Array [],
          "kind": "OperationDefinition",
          "name": Object {
            "kind": "Name",
            "value": "DastScannerProfiles",
          },
          "operation": "query",
          "selectionSet": Object {
            "kind": "SelectionSet",
            "selections": Array [
              Object {
                "arguments": Array [
                  Object {
                    "kind": "Argument",
                    "name": Object {
                      "kind": "Name",
                      "value": "fullPath",
                    },
                    "value": Object {
                      "kind": "Variable",
                      "name": Object {
                        "kind": "Name",
                        "value": "fullPath",
                      },
                    },
                  },
                ],
                "directives": Array [],
                "kind": "Field",
                "name": Object {
                  "kind": "Name",
                  "value": "project",
                },
                "selectionSet": Object {
                  "kind": "SelectionSet",
                  "selections": Array [
                    Object {
                      "alias": Object {
                        "kind": "Name",
                        "value": "scannerProfiles",
                      },
                      "arguments": Array [
                        Object {
                          "kind": "Argument",
                          "name": Object {
                            "kind": "Name",
                            "value": "after",
                          },
                          "value": Object {
                            "kind": "Variable",
                            "name": Object {
                              "kind": "Name",
                              "value": "after",
                            },
                          },
                        },
                        Object {
                          "kind": "Argument",
                          "name": Object {
                            "kind": "Name",
                            "value": "before",
                          },
                          "value": Object {
                            "kind": "Variable",
                            "name": Object {
                              "kind": "Name",
                              "value": "before",
                            },
                          },
                        },
                        Object {
                          "kind": "Argument",
                          "name": Object {
                            "kind": "Name",
                            "value": "first",
                          },
                          "value": Object {
                            "kind": "Variable",
                            "name": Object {
                              "kind": "Name",
                              "value": "first",
                            },
                          },
                        },
                        Object {
                          "kind": "Argument",
                          "name": Object {
                            "kind": "Name",
                            "value": "last",
                          },
                          "value": Object {
                            "kind": "Variable",
                            "name": Object {
                              "kind": "Name",
                              "value": "last",
                            },
                          },
                        },
                      ],
                      "directives": Array [],
                      "kind": "Field",
                      "name": Object {
                        "kind": "Name",
                        "value": "dastScannerProfiles",
                      },
                      "selectionSet": Object {
                        "kind": "SelectionSet",
                        "selections": Array [
                          Object {
                            "arguments": Array [],
                            "directives": Array [],
                            "kind": "Field",
                            "name": Object {
                              "kind": "Name",
                              "value": "pageInfo",
                            },
                            "selectionSet": Object {
                              "kind": "SelectionSet",
                              "selections": Array [
                                Object {
                                  "directives": Array [],
                                  "kind": "FragmentSpread",
                                  "name": Object {
                                    "kind": "Name",
                                    "value": "PageInfo",
                                  },
                                },
                              ],
                            },
                          },
                          Object {
                            "arguments": Array [],
                            "directives": Array [],
                            "kind": "Field",
                            "name": Object {
                              "kind": "Name",
                              "value": "edges",
                            },
                            "selectionSet": Object {
                              "kind": "SelectionSet",
                              "selections": Array [
                                Object {
                                  "arguments": Array [],
                                  "directives": Array [],
                                  "kind": "Field",
                                  "name": Object {
                                    "kind": "Name",
                                    "value": "cursor",
                                  },
                                },
                                Object {
                                  "arguments": Array [],
                                  "directives": Array [],
                                  "kind": "Field",
                                  "name": Object {
                                    "kind": "Name",
                                    "value": "node",
                                  },
                                  "selectionSet": Object {
                                    "kind": "SelectionSet",
                                    "selections": Array [
                                      Object {
                                        "alias": Object {
                                          "kind": "Name",
                                          "value": "id",
                                        },
                                        "arguments": Array [],
                                        "directives": Array [],
                                        "kind": "Field",
                                        "name": Object {
                                          "kind": "Name",
                                          "value": "globalId",
                                        },
                                      },
                                      Object {
                                        "arguments": Array [],
                                        "directives": Array [],
                                        "kind": "Field",
                                        "name": Object {
                                          "kind": "Name",
                                          "value": "profileName",
                                        },
                                      },
                                      Object {
                                        "arguments": Array [],
                                        "directives": Array [],
                                        "kind": "Field",
                                        "name": Object {
                                          "kind": "Name",
                                          "value": "spiderTimeout",
                                        },
                                      },
                                      Object {
                                        "arguments": Array [],
                                        "directives": Array [],
                                        "kind": "Field",
                                        "name": Object {
                                          "kind": "Name",
                                          "value": "targetTimeout",
                                        },
                                      },
                                      Object {
                                        "arguments": Array [],
                                        "directives": Array [],
                                        "kind": "Field",
                                        "name": Object {
                                          "kind": "Name",
                                          "value": "editPath",
                                        },
                                      },
                                    ],
                                  },
                                },
                              ],
                            },
                          },
                        ],
                      },
                    },
                  ],
                },
              },
            ],
          },
          "variableDefinitions": Array [
            Object {
              "directives": Array [],
              "kind": "VariableDefinition",
              "type": Object {
                "kind": "NonNullType",
                "type": Object {
                  "kind": "NamedType",
                  "name": Object {
                    "kind": "Name",
                    "value": "ID",
                  },
                },
              },
              "variable": Object {
                "kind": "Variable",
                "name": Object {
                  "kind": "Name",
                  "value": "fullPath",
                },
              },
            },
            Object {
              "directives": Array [],
              "kind": "VariableDefinition",
              "type": Object {
                "kind": "NamedType",
                "name": Object {
                  "kind": "Name",
                  "value": "String",
                },
              },
              "variable": Object {
                "kind": "Variable",
                "name": Object {
                  "kind": "Name",
                  "value": "after",
                },
              },
            },
            Object {
              "directives": Array [],
              "kind": "VariableDefinition",
              "type": Object {
                "kind": "NamedType",
                "name": Object {
                  "kind": "Name",
                  "value": "String",
                },
              },
              "variable": Object {
                "kind": "Variable",
                "name": Object {
                  "kind": "Name",
                  "value": "before",
                },
              },
            },
            Object {
              "directives": Array [],
              "kind": "VariableDefinition",
              "type": Object {
                "kind": "NamedType",
                "name": Object {
                  "kind": "Name",
                  "value": "Int",
                },
              },
              "variable": Object {
                "kind": "Variable",
                "name": Object {
                  "kind": "Name",
                  "value": "first",
                },
              },
            },
            Object {
              "directives": Array [],
              "kind": "VariableDefinition",
              "type": Object {
                "kind": "NamedType",
                "name": Object {
                  "kind": "Name",
                  "value": "Int",
                },
              },
              "variable": Object {
                "kind": "Variable",
                "name": Object {
                  "kind": "Name",
                  "value": "last",
                },
              },
            },
          ],
        },
        Object {
          "directives": Array [],
          "kind": "FragmentDefinition",
          "name": Object {
            "kind": "Name",
            "value": "PageInfo",
          },
          "selectionSet": Object {
            "kind": "SelectionSet",
            "selections": Array [
              Object {
                "arguments": Array [],
                "directives": Array [],
                "kind": "Field",
                "name": Object {
                  "kind": "Name",
                  "value": "hasNextPage",
                },
              },
              Object {
                "arguments": Array [],
                "directives": Array [],
                "kind": "Field",
                "name": Object {
                  "kind": "Name",
                  "value": "hasPreviousPage",
                },
              },
              Object {
                "arguments": Array [],
                "directives": Array [],
                "kind": "Field",
                "name": Object {
                  "kind": "Name",
                  "value": "startCursor",
                },
              },
              Object {
                "arguments": Array [],
                "directives": Array [],
                "kind": "Field",
                "name": Object {
                  "kind": "Name",
                  "value": "endCursor",
                },
              },
            ],
          },
          "typeCondition": Object {
            "kind": "NamedType",
            "name": Object {
              "kind": "Name",
              "value": "PageInfo",
            },
          },
        },
      ],
      "kind": "Document",
      "loc": Object {
        "end": 568,
        "source": Object {
          "body": "#import \\"~/graphql_shared/fragments/pageInfo.fragment.graphql\\"

query DastScannerProfiles(
  $fullPath: ID!
  $after: String
  $before: String
  $first: Int
  $last: Int
) {
  project(fullPath: $fullPath) {
    scannerProfiles: dastScannerProfiles(
      after: $after
      before: $before
      first: $first
      last: $last
    ) {
      pageInfo {
        ...PageInfo
      }
      edges {
        cursor
        node {
          id: globalId
          profileName
          spiderTimeout
          targetTimeout
          editPath
        }
      }
    }
  }
}
",
          "locationOffset": Object {
            "column": 1,
            "line": 1,
          },
          "name": "GraphQL request",
        },
        "start": 0,
      },
    },
    "field": "dastScannerProfileId",
    "i18n": Object {
      "formGroupLabel": "Use existing scanner profile",
      "newProfileLabel": "Create a new scanner profile",
      "noProfilesText": "No profile yet. In order to create a new scan, you need to have at least one completed scanner profile.",
      "title": "Scanner profile",
    },
    "libraryPath": "/scanner/profiles/library/path",
    "newProfilePath": "/new/scanner/profile/path",
    "queryKind": "scannerProfiles",
    "selectedProfileDropdownLabel": [Function],
    "summary": Array [
      Array [
        Object {
          "label": "Scan mode",
          "valueGetter": [Function],
        },
      ],
      Array [
        Object {
          "label": "Spider timeout",
          "valueGetter": [Function],
        },
        Object {
          "label": "Target timeout",
          "valueGetter": [Function],
        },
      ],
    ],
  },
  "siteProfiles": Object {
    "fetchError": "ERROR_FETCH_SITE_PROFILES",
    "fetchQuery": Object {
      "DastSiteProfiles": Object {
        "definitions": Array [
          Object {
            "directives": Array [],
            "kind": "OperationDefinition",
            "name": Object {
              "kind": "Name",
              "value": "DastSiteProfiles",
            },
            "operation": "query",
            "selectionSet": Object {
              "kind": "SelectionSet",
              "selections": Array [
                Object {
                  "arguments": Array [
                    Object {
                      "kind": "Argument",
                      "name": Object {
                        "kind": "Name",
                        "value": "fullPath",
                      },
                      "value": Object {
                        "kind": "Variable",
                        "name": Object {
                          "kind": "Name",
                          "value": "fullPath",
                        },
                      },
                    },
                  ],
                  "directives": Array [],
                  "kind": "Field",
                  "name": Object {
                    "kind": "Name",
                    "value": "project",
                  },
                  "selectionSet": Object {
                    "kind": "SelectionSet",
                    "selections": Array [
                      Object {
                        "alias": Object {
                          "kind": "Name",
                          "value": "siteProfiles",
                        },
                        "arguments": Array [
                          Object {
                            "kind": "Argument",
                            "name": Object {
                              "kind": "Name",
                              "value": "after",
                            },
                            "value": Object {
                              "kind": "Variable",
                              "name": Object {
                                "kind": "Name",
                                "value": "after",
                              },
                            },
                          },
                          Object {
                            "kind": "Argument",
                            "name": Object {
                              "kind": "Name",
                              "value": "before",
                            },
                            "value": Object {
                              "kind": "Variable",
                              "name": Object {
                                "kind": "Name",
                                "value": "before",
                              },
                            },
                          },
                          Object {
                            "kind": "Argument",
                            "name": Object {
                              "kind": "Name",
                              "value": "first",
                            },
                            "value": Object {
                              "kind": "Variable",
                              "name": Object {
                                "kind": "Name",
                                "value": "first",
                              },
                            },
                          },
                          Object {
                            "kind": "Argument",
                            "name": Object {
                              "kind": "Name",
                              "value": "last",
                            },
                            "value": Object {
                              "kind": "Variable",
                              "name": Object {
                                "kind": "Name",
                                "value": "last",
                              },
                            },
                          },
                        ],
                        "directives": Array [],
                        "kind": "Field",
                        "name": Object {
                          "kind": "Name",
                          "value": "dastSiteProfiles",
                        },
                        "selectionSet": Object {
                          "kind": "SelectionSet",
                          "selections": Array [
                            Object {
                              "arguments": Array [],
                              "directives": Array [],
                              "kind": "Field",
                              "name": Object {
                                "kind": "Name",
                                "value": "pageInfo",
                              },
                              "selectionSet": Object {
                                "kind": "SelectionSet",
                                "selections": Array [
                                  Object {
                                    "directives": Array [],
                                    "kind": "FragmentSpread",
                                    "name": Object {
                                      "kind": "Name",
                                      "value": "PageInfo",
                                    },
                                  },
                                ],
                              },
                            },
                            Object {
                              "arguments": Array [],
                              "directives": Array [],
                              "kind": "Field",
                              "name": Object {
                                "kind": "Name",
                                "value": "edges",
                              },
                              "selectionSet": Object {
                                "kind": "SelectionSet",
                                "selections": Array [
                                  Object {
                                    "arguments": Array [],
                                    "directives": Array [],
                                    "kind": "Field",
                                    "name": Object {
                                      "kind": "Name",
                                      "value": "cursor",
                                    },
                                  },
                                  Object {
                                    "arguments": Array [],
                                    "directives": Array [],
                                    "kind": "Field",
                                    "name": Object {
                                      "kind": "Name",
                                      "value": "node",
                                    },
                                    "selectionSet": Object {
                                      "kind": "SelectionSet",
                                      "selections": Array [
                                        Object {
                                          "arguments": Array [],
                                          "directives": Array [],
                                          "kind": "Field",
                                          "name": Object {
                                            "kind": "Name",
                                            "value": "id",
                                          },
                                        },
                                        Object {
                                          "arguments": Array [],
                                          "directives": Array [],
                                          "kind": "Field",
                                          "name": Object {
                                            "kind": "Name",
                                            "value": "profileName",
                                          },
                                        },
                                        Object {
                                          "arguments": Array [],
                                          "directives": Array [],
                                          "kind": "Field",
                                          "name": Object {
                                            "kind": "Name",
                                            "value": "targetUrl",
                                          },
                                        },
                                        Object {
                                          "arguments": Array [],
                                          "directives": Array [],
                                          "kind": "Field",
                                          "name": Object {
                                            "kind": "Name",
                                            "value": "editPath",
                                          },
                                        },
                                        Object {
                                          "arguments": Array [],
                                          "directives": Array [],
                                          "kind": "Field",
                                          "name": Object {
                                            "kind": "Name",
                                            "value": "validationStatus",
                                          },
                                        },
                                      ],
                                    },
                                  },
                                ],
                              },
                            },
                          ],
                        },
                      },
                    ],
                  },
                },
              ],
            },
            "variableDefinitions": Array [
              Object {
                "directives": Array [],
                "kind": "VariableDefinition",
                "type": Object {
                  "kind": "NonNullType",
                  "type": Object {
                    "kind": "NamedType",
                    "name": Object {
                      "kind": "Name",
                      "value": "ID",
                    },
                  },
                },
                "variable": Object {
                  "kind": "Variable",
                  "name": Object {
                    "kind": "Name",
                    "value": "fullPath",
                  },
                },
              },
              Object {
                "directives": Array [],
                "kind": "VariableDefinition",
                "type": Object {
                  "kind": "NamedType",
                  "name": Object {
                    "kind": "Name",
                    "value": "String",
                  },
                },
                "variable": Object {
                  "kind": "Variable",
                  "name": Object {
                    "kind": "Name",
                    "value": "after",
                  },
                },
              },
              Object {
                "directives": Array [],
                "kind": "VariableDefinition",
                "type": Object {
                  "kind": "NamedType",
                  "name": Object {
                    "kind": "Name",
                    "value": "String",
                  },
                },
                "variable": Object {
                  "kind": "Variable",
                  "name": Object {
                    "kind": "Name",
                    "value": "before",
                  },
                },
              },
              Object {
                "directives": Array [],
                "kind": "VariableDefinition",
                "type": Object {
                  "kind": "NamedType",
                  "name": Object {
                    "kind": "Name",
                    "value": "Int",
                  },
                },
                "variable": Object {
                  "kind": "Variable",
                  "name": Object {
                    "kind": "Name",
                    "value": "first",
                  },
                },
              },
              Object {
                "directives": Array [],
                "kind": "VariableDefinition",
                "type": Object {
                  "kind": "NamedType",
                  "name": Object {
                    "kind": "Name",
                    "value": "Int",
                  },
                },
                "variable": Object {
                  "kind": "Variable",
                  "name": Object {
                    "kind": "Name",
                    "value": "last",
                  },
                },
              },
            ],
          },
          Object {
            "directives": Array [],
            "kind": "FragmentDefinition",
            "name": Object {
              "kind": "Name",
              "value": "PageInfo",
            },
            "selectionSet": Object {
              "kind": "SelectionSet",
              "selections": Array [
                Object {
                  "arguments": Array [],
                  "directives": Array [],
                  "kind": "Field",
                  "name": Object {
                    "kind": "Name",
                    "value": "hasNextPage",
                  },
                },
                Object {
                  "arguments": Array [],
                  "directives": Array [],
                  "kind": "Field",
                  "name": Object {
                    "kind": "Name",
                    "value": "hasPreviousPage",
                  },
                },
                Object {
                  "arguments": Array [],
                  "directives": Array [],
                  "kind": "Field",
                  "name": Object {
                    "kind": "Name",
                    "value": "startCursor",
                  },
                },
                Object {
                  "arguments": Array [],
                  "directives": Array [],
                  "kind": "Field",
                  "name": Object {
                    "kind": "Name",
                    "value": "endCursor",
                  },
                },
              ],
            },
            "typeCondition": Object {
              "kind": "NamedType",
              "name": Object {
                "kind": "Name",
                "value": "PageInfo",
              },
            },
          },
        ],
        "kind": "Document",
        "loc": Object {
          "end": 513,
          "source": Object {
            "body": "#import \\"~/graphql_shared/fragments/pageInfo.fragment.graphql\\"

query DastSiteProfiles($fullPath: ID!, $after: String, $before: String, $first: Int, $last: Int) {
  project(fullPath: $fullPath) {
    siteProfiles: dastSiteProfiles(after: $after, before: $before, first: $first, last: $last) {
      pageInfo {
        ...PageInfo
      }
      edges {
        cursor
        node {
          id
          profileName
          targetUrl
          editPath
          validationStatus
        }
      }
    }
  }
}
",
            "locationOffset": Object {
              "column": 1,
              "line": 1,
            },
            "name": "GraphQL request",
          },
          "start": 0,
        },
      },
      "definitions": Array [
        Object {
          "directives": Array [],
          "kind": "OperationDefinition",
          "name": Object {
            "kind": "Name",
            "value": "DastSiteProfiles",
          },
          "operation": "query",
          "selectionSet": Object {
            "kind": "SelectionSet",
            "selections": Array [
              Object {
                "arguments": Array [
                  Object {
                    "kind": "Argument",
                    "name": Object {
                      "kind": "Name",
                      "value": "fullPath",
                    },
                    "value": Object {
                      "kind": "Variable",
                      "name": Object {
                        "kind": "Name",
                        "value": "fullPath",
                      },
                    },
                  },
                ],
                "directives": Array [],
                "kind": "Field",
                "name": Object {
                  "kind": "Name",
                  "value": "project",
                },
                "selectionSet": Object {
                  "kind": "SelectionSet",
                  "selections": Array [
                    Object {
                      "alias": Object {
                        "kind": "Name",
                        "value": "siteProfiles",
                      },
                      "arguments": Array [
                        Object {
                          "kind": "Argument",
                          "name": Object {
                            "kind": "Name",
                            "value": "after",
                          },
                          "value": Object {
                            "kind": "Variable",
                            "name": Object {
                              "kind": "Name",
                              "value": "after",
                            },
                          },
                        },
                        Object {
                          "kind": "Argument",
                          "name": Object {
                            "kind": "Name",
                            "value": "before",
                          },
                          "value": Object {
                            "kind": "Variable",
                            "name": Object {
                              "kind": "Name",
                              "value": "before",
                            },
                          },
                        },
                        Object {
                          "kind": "Argument",
                          "name": Object {
                            "kind": "Name",
                            "value": "first",
                          },
                          "value": Object {
                            "kind": "Variable",
                            "name": Object {
                              "kind": "Name",
                              "value": "first",
                            },
                          },
                        },
                        Object {
                          "kind": "Argument",
                          "name": Object {
                            "kind": "Name",
                            "value": "last",
                          },
                          "value": Object {
                            "kind": "Variable",
                            "name": Object {
                              "kind": "Name",
                              "value": "last",
                            },
                          },
                        },
                      ],
                      "directives": Array [],
                      "kind": "Field",
                      "name": Object {
                        "kind": "Name",
                        "value": "dastSiteProfiles",
                      },
                      "selectionSet": Object {
                        "kind": "SelectionSet",
                        "selections": Array [
                          Object {
                            "arguments": Array [],
                            "directives": Array [],
                            "kind": "Field",
                            "name": Object {
                              "kind": "Name",
                              "value": "pageInfo",
                            },
                            "selectionSet": Object {
                              "kind": "SelectionSet",
                              "selections": Array [
                                Object {
                                  "directives": Array [],
                                  "kind": "FragmentSpread",
                                  "name": Object {
                                    "kind": "Name",
                                    "value": "PageInfo",
                                  },
                                },
                              ],
                            },
                          },
                          Object {
                            "arguments": Array [],
                            "directives": Array [],
                            "kind": "Field",
                            "name": Object {
                              "kind": "Name",
                              "value": "edges",
                            },
                            "selectionSet": Object {
                              "kind": "SelectionSet",
                              "selections": Array [
                                Object {
                                  "arguments": Array [],
                                  "directives": Array [],
                                  "kind": "Field",
                                  "name": Object {
                                    "kind": "Name",
                                    "value": "cursor",
                                  },
                                },
                                Object {
                                  "arguments": Array [],
                                  "directives": Array [],
                                  "kind": "Field",
                                  "name": Object {
                                    "kind": "Name",
                                    "value": "node",
                                  },
                                  "selectionSet": Object {
                                    "kind": "SelectionSet",
                                    "selections": Array [
                                      Object {
                                        "arguments": Array [],
                                        "directives": Array [],
                                        "kind": "Field",
                                        "name": Object {
                                          "kind": "Name",
                                          "value": "id",
                                        },
                                      },
                                      Object {
                                        "arguments": Array [],
                                        "directives": Array [],
                                        "kind": "Field",
                                        "name": Object {
                                          "kind": "Name",
                                          "value": "profileName",
                                        },
                                      },
                                      Object {
                                        "arguments": Array [],
                                        "directives": Array [],
                                        "kind": "Field",
                                        "name": Object {
                                          "kind": "Name",
                                          "value": "targetUrl",
                                        },
                                      },
                                      Object {
                                        "arguments": Array [],
                                        "directives": Array [],
                                        "kind": "Field",
                                        "name": Object {
                                          "kind": "Name",
                                          "value": "editPath",
                                        },
                                      },
                                      Object {
                                        "arguments": Array [],
                                        "directives": Array [],
                                        "kind": "Field",
                                        "name": Object {
                                          "kind": "Name",
                                          "value": "validationStatus",
                                        },
                                      },
                                    ],
                                  },
                                },
                              ],
                            },
                          },
                        ],
                      },
                    },
                  ],
                },
              },
            ],
          },
          "variableDefinitions": Array [
            Object {
              "directives": Array [],
              "kind": "VariableDefinition",
              "type": Object {
                "kind": "NonNullType",
                "type": Object {
                  "kind": "NamedType",
                  "name": Object {
                    "kind": "Name",
                    "value": "ID",
                  },
                },
              },
              "variable": Object {
                "kind": "Variable",
                "name": Object {
                  "kind": "Name",
                  "value": "fullPath",
                },
              },
            },
            Object {
              "directives": Array [],
              "kind": "VariableDefinition",
              "type": Object {
                "kind": "NamedType",
                "name": Object {
                  "kind": "Name",
                  "value": "String",
                },
              },
              "variable": Object {
                "kind": "Variable",
                "name": Object {
                  "kind": "Name",
                  "value": "after",
                },
              },
            },
            Object {
              "directives": Array [],
              "kind": "VariableDefinition",
              "type": Object {
                "kind": "NamedType",
                "name": Object {
                  "kind": "Name",
                  "value": "String",
                },
              },
              "variable": Object {
                "kind": "Variable",
                "name": Object {
                  "kind": "Name",
                  "value": "before",
                },
              },
            },
            Object {
              "directives": Array [],
              "kind": "VariableDefinition",
              "type": Object {
                "kind": "NamedType",
                "name": Object {
                  "kind": "Name",
                  "value": "Int",
                },
              },
              "variable": Object {
                "kind": "Variable",
                "name": Object {
                  "kind": "Name",
                  "value": "first",
                },
              },
            },
            Object {
              "directives": Array [],
              "kind": "VariableDefinition",
              "type": Object {
                "kind": "NamedType",
                "name": Object {
                  "kind": "Name",
                  "value": "Int",
                },
              },
              "variable": Object {
                "kind": "Variable",
                "name": Object {
                  "kind": "Name",
                  "value": "last",
                },
              },
            },
          ],
        },
        Object {
          "directives": Array [],
          "kind": "FragmentDefinition",
          "name": Object {
            "kind": "Name",
            "value": "PageInfo",
          },
          "selectionSet": Object {
            "kind": "SelectionSet",
            "selections": Array [
              Object {
                "arguments": Array [],
                "directives": Array [],
                "kind": "Field",
                "name": Object {
                  "kind": "Name",
                  "value": "hasNextPage",
                },
              },
              Object {
                "arguments": Array [],
                "directives": Array [],
                "kind": "Field",
                "name": Object {
                  "kind": "Name",
                  "value": "hasPreviousPage",
                },
              },
              Object {
                "arguments": Array [],
                "directives": Array [],
                "kind": "Field",
                "name": Object {
                  "kind": "Name",
                  "value": "startCursor",
                },
              },
              Object {
                "arguments": Array [],
                "directives": Array [],
                "kind": "Field",
                "name": Object {
                  "kind": "Name",
                  "value": "endCursor",
                },
              },
            ],
          },
          "typeCondition": Object {
            "kind": "NamedType",
            "name": Object {
              "kind": "Name",
              "value": "PageInfo",
            },
          },
        },
      ],
      "kind": "Document",
      "loc": Object {
        "end": 513,
        "source": Object {
          "body": "#import \\"~/graphql_shared/fragments/pageInfo.fragment.graphql\\"

query DastSiteProfiles($fullPath: ID!, $after: String, $before: String, $first: Int, $last: Int) {
  project(fullPath: $fullPath) {
    siteProfiles: dastSiteProfiles(after: $after, before: $before, first: $first, last: $last) {
      pageInfo {
        ...PageInfo
      }
      edges {
        cursor
        node {
          id
          profileName
          targetUrl
          editPath
          validationStatus
        }
      }
    }
  }
}
",
          "locationOffset": Object {
            "column": 1,
            "line": 1,
          },
          "name": "GraphQL request",
        },
        "start": 0,
      },
    },
    "field": "dastSiteProfileId",
    "i18n": Object {
      "formGroupLabel": "Use existing site profile",
      "newProfileLabel": "Create a new site profile",
      "noProfilesText": "No profile yet. In order to create a new scan, you need to have at least one completed site profile.",
      "title": "Site profile",
    },
    "libraryPath": "/site/profiles/library/path",
    "newProfilePath": "/new/site/profile/path",
    "queryKind": "siteProfiles",
    "selectedProfileDropdownLabel": [Function],
    "summary": Array [
      Array [
        Object {
          "label": "Target URL",
          "valueGetter": [Function],
        },
      ],
    ],
  },
}
`;
